// Jest Snapshot v1, https://goo.gl/fbAQLP

exports[`one white and one black key snapshot 1`] = `
<DocumentFragment>
  <div
    class="key"
  >
    <div
      class="key__btn"
    />
    <div
      class="key__btn"
    />
  </div>
</DocumentFragment>
`;

exports[`one white key snapshot 1`] = `
<DocumentFragment>
  <div
    class="key"
  >
    <div
      class="key__btn"
    />
  </div>
</DocumentFragment>
`;
